PHPUnit 11.5.33 by Sebastian Bergmann and contributors.

Runtime:       PHP 8.4.8
Configuration: /Users/will/Code/deployer/phpunit.xml

##teamcity[testCount count='27' flowId='2790']
##teamcity[testSuiteStarted name='/Users/will/Code/deployer/phpunit.xml' flowId='2790']
##teamcity[testSuiteStarted name='Unit' flowId='2790']
##teamcity[testSuiteStarted name='Tests\Unit\ExampleTest' locationHint='php_qn:///Users/will/Code/deployer/tests/Unit/ExampleTest.php::\Tests\Unit\ExampleTest' flowId='2790']
##teamcity[testStarted name='that_true_is_true' locationHint='php_qn:///Users/will/Code/deployer/tests/Unit/ExampleTest.php::\Tests\Unit\ExampleTest::that_true_is_true' flowId='2790']
##teamcity[testFinished name='that_true_is_true' duration='5' flowId='2790']
##teamcity[testSuiteFinished name='Tests\Unit\ExampleTest' flowId='2790']
##teamcity[testSuiteFinished name='Unit' flowId='2790']
##teamcity[testSuiteStarted name='Feature' flowId='2790']
##teamcity[testSuiteStarted name='Tests\Feature\Auth\AuthenticationTest' locationHint='php_qn:///Users/will/Code/deployer/tests/Feature/Auth/AuthenticationTest.php::\Tests\Feature\Auth\AuthenticationTest' flowId='2790']
##teamcity[testStarted name='login_screen_can_be_rendered' locationHint='php_qn:///Users/will/Code/deployer/tests/Feature/Auth/AuthenticationTest.php::\Tests\Feature\Auth\AuthenticationTest::login_screen_can_be_rendered' flowId='2790']
##teamcity[testFinished name='login_screen_can_be_rendered' duration='65' flowId='2790']
##teamcity[testStarted name='users_can_authenticate_using_the_login_screen' locationHint='php_qn:///Users/will/Code/deployer/tests/Feature/Auth/AuthenticationTest.php::\Tests\Feature\Auth\AuthenticationTest::users_can_authenticate_using_the_login_screen' flowId='2790']
##teamcity[testFinished name='users_can_authenticate_using_the_login_screen' duration='4008' flowId='2790']
##teamcity[testStarted name='users_can_not_authenticate_with_invalid_password' locationHint='php_qn:///Users/will/Code/deployer/tests/Feature/Auth/AuthenticationTest.php::\Tests\Feature\Auth\AuthenticationTest::users_can_not_authenticate_with_invalid_password' flowId='2790']
##teamcity[testFinished name='users_can_not_authenticate_with_invalid_password' duration='253' flowId='2790']
##teamcity[testStarted name='users_can_logout' locationHint='php_qn:///Users/will/Code/deployer/tests/Feature/Auth/AuthenticationTest.php::\Tests\Feature\Auth\AuthenticationTest::users_can_logout' flowId='2790']
##teamcity[testFinished name='users_can_logout' duration='3' flowId='2790']
##teamcity[testSuiteFinished name='Tests\Feature\Auth\AuthenticationTest' flowId='2790']
##teamcity[testSuiteStarted name='Tests\Feature\Auth\EmailVerificationTest' locationHint='php_qn:///Users/will/Code/deployer/tests/Feature/Auth/EmailVerificationTest.php::\Tests\Feature\Auth\EmailVerificationTest' flowId='2790']
##teamcity[testStarted name='email_verification_screen_can_be_rendered' locationHint='php_qn:///Users/will/Code/deployer/tests/Feature/Auth/EmailVerificationTest.php::\Tests\Feature\Auth\EmailVerificationTest::email_verification_screen_can_be_rendered' flowId='2790']
##teamcity[testFinished name='email_verification_screen_can_be_rendered' duration='25' flowId='2790']
##teamcity[testStarted name='email_can_be_verified' locationHint='php_qn:///Users/will/Code/deployer/tests/Feature/Auth/EmailVerificationTest.php::\Tests\Feature\Auth\EmailVerificationTest::email_can_be_verified' flowId='2790']
##teamcity[testFinished name='email_can_be_verified' duration='7' flowId='2790']
##teamcity[testStarted name='email_is_not_verified_with_invalid_hash' locationHint='php_qn:///Users/will/Code/deployer/tests/Feature/Auth/EmailVerificationTest.php::\Tests\Feature\Auth\EmailVerificationTest::email_is_not_verified_with_invalid_hash' flowId='2790']
##teamcity[testFinished name='email_is_not_verified_with_invalid_hash' duration='4' flowId='2790']
##teamcity[testSuiteFinished name='Tests\Feature\Auth\EmailVerificationTest' flowId='2790']
##teamcity[testSuiteStarted name='Tests\Feature\Auth\PasswordConfirmationTest' locationHint='php_qn:///Users/will/Code/deployer/tests/Feature/Auth/PasswordConfirmationTest.php::\Tests\Feature\Auth\PasswordConfirmationTest' flowId='2790']
##teamcity[testStarted name='confirm_password_screen_can_be_rendered' locationHint='php_qn:///Users/will/Code/deployer/tests/Feature/Auth/PasswordConfirmationTest.php::\Tests\Feature\Auth\PasswordConfirmationTest::confirm_password_screen_can_be_rendered' flowId='2790']
##teamcity[testFinished name='confirm_password_screen_can_be_rendered' duration='9' flowId='2790']
##teamcity[testStarted name='password_can_be_confirmed' locationHint='php_qn:///Users/will/Code/deployer/tests/Feature/Auth/PasswordConfirmationTest.php::\Tests\Feature\Auth\PasswordConfirmationTest::password_can_be_confirmed' flowId='2790']
##teamcity[testFinished name='password_can_be_confirmed' duration='12' flowId='2790']
##teamcity[testStarted name='password_is_not_confirmed_with_invalid_password' locationHint='php_qn:///Users/will/Code/deployer/tests/Feature/Auth/PasswordConfirmationTest.php::\Tests\Feature\Auth\PasswordConfirmationTest::password_is_not_confirmed_with_invalid_password' flowId='2790']
##teamcity[testFinished name='password_is_not_confirmed_with_invalid_password' duration='225' flowId='2790']
##teamcity[testSuiteFinished name='Tests\Feature\Auth\PasswordConfirmationTest' flowId='2790']
##teamcity[testSuiteStarted name='Tests\Feature\Auth\PasswordResetTest' locationHint='php_qn:///Users/will/Code/deployer/tests/Feature/Auth/PasswordResetTest.php::\Tests\Feature\Auth\PasswordResetTest' flowId='2790']
##teamcity[testStarted name='reset_password_link_screen_can_be_rendered' locationHint='php_qn:///Users/will/Code/deployer/tests/Feature/Auth/PasswordResetTest.php::\Tests\Feature\Auth\PasswordResetTest::reset_password_link_screen_can_be_rendered' flowId='2790']
##teamcity[testFinished name='reset_password_link_screen_can_be_rendered' duration='9' flowId='2790']
##teamcity[testStarted name='reset_password_link_can_be_requested' locationHint='php_qn:///Users/will/Code/deployer/tests/Feature/Auth/PasswordResetTest.php::\Tests\Feature\Auth\PasswordResetTest::reset_password_link_can_be_requested' flowId='2790']
##teamcity[testFinished name='reset_password_link_can_be_requested' duration='225' flowId='2790']
##teamcity[testStarted name='reset_password_screen_can_be_rendered' locationHint='php_qn:///Users/will/Code/deployer/tests/Feature/Auth/PasswordResetTest.php::\Tests\Feature\Auth\PasswordResetTest::reset_password_screen_can_be_rendered' flowId='2790']
##teamcity[testFinished name='reset_password_screen_can_be_rendered' duration='228' flowId='2790']
##teamcity[testStarted name='password_can_be_reset_with_valid_token' locationHint='php_qn:///Users/will/Code/deployer/tests/Feature/Auth/PasswordResetTest.php::\Tests\Feature\Auth\PasswordResetTest::password_can_be_reset_with_valid_token' flowId='2790']
##teamcity[testFinished name='password_can_be_reset_with_valid_token' duration='280' flowId='2790']
##teamcity[testSuiteFinished name='Tests\Feature\Auth\PasswordResetTest' flowId='2790']
##teamcity[testSuiteStarted name='Tests\Feature\Auth\RegistrationTest' locationHint='php_qn:///Users/will/Code/deployer/tests/Feature/Auth/RegistrationTest.php::\Tests\Feature\Auth\RegistrationTest' flowId='2790']
##teamcity[testStarted name='registration_screen_can_be_rendered' locationHint='php_qn:///Users/will/Code/deployer/tests/Feature/Auth/RegistrationTest.php::\Tests\Feature\Auth\RegistrationTest::registration_screen_can_be_rendered' flowId='2790']
##teamcity[testFinished name='registration_screen_can_be_rendered' duration='13' flowId='2790']
##teamcity[testStarted name='new_users_can_register' locationHint='php_qn:///Users/will/Code/deployer/tests/Feature/Auth/RegistrationTest.php::\Tests\Feature\Auth\RegistrationTest::new_users_can_register' flowId='2790']
##teamcity[testFinished name='new_users_can_register' duration='43' flowId='2790']
##teamcity[testSuiteFinished name='Tests\Feature\Auth\RegistrationTest' flowId='2790']
##teamcity[testSuiteStarted name='Tests\Feature\DashboardTest' locationHint='php_qn:///Users/will/Code/deployer/tests/Feature/DashboardTest.php::\Tests\Feature\DashboardTest' flowId='2790']
##teamcity[testStarted name='guests_are_redirected_to_the_login_page' locationHint='php_qn:///Users/will/Code/deployer/tests/Feature/DashboardTest.php::\Tests\Feature\DashboardTest::guests_are_redirected_to_the_login_page' flowId='2790']
##teamcity[testFinished name='guests_are_redirected_to_the_login_page' duration='3' flowId='2790']
##teamcity[testStarted name='authenticated_users_can_visit_the_dashboard' locationHint='php_qn:///Users/will/Code/deployer/tests/Feature/DashboardTest.php::\Tests\Feature\DashboardTest::authenticated_users_can_visit_the_dashboard' flowId='2790']
##teamcity[testFinished name='authenticated_users_can_visit_the_dashboard' duration='393' flowId='2790']
##teamcity[testSuiteFinished name='Tests\Feature\DashboardTest' flowId='2790']
##teamcity[testSuiteStarted name='Tests\Feature\ExampleTest' locationHint='php_qn:///Users/will/Code/deployer/tests/Feature/ExampleTest.php::\Tests\Feature\ExampleTest' flowId='2790']
##teamcity[testStarted name='returns_a_successful_response' locationHint='php_qn:///Users/will/Code/deployer/tests/Feature/ExampleTest.php::\Tests\Feature\ExampleTest::returns_a_successful_response' flowId='2790']
##teamcity[testFinished name='returns_a_successful_response' duration='2' flowId='2790']
##teamcity[testSuiteFinished name='Tests\Feature\ExampleTest' flowId='2790']
##teamcity[testSuiteStarted name='Tests\Feature\Settings\PasswordUpdateTest' locationHint='php_qn:///Users/will/Code/deployer/tests/Feature/Settings/PasswordUpdateTest.php::\Tests\Feature\Settings\PasswordUpdateTest' flowId='2790']
##teamcity[testStarted name='password_can_be_updated' locationHint='php_qn:///Users/will/Code/deployer/tests/Feature/Settings/PasswordUpdateTest.php::\Tests\Feature\Settings\PasswordUpdateTest::password_can_be_updated' flowId='2790']
##teamcity[testFinished name='password_can_be_updated' duration='131' flowId='2790']
##teamcity[testStarted name='correct_password_must_be_provided_to_update_password' locationHint='php_qn:///Users/will/Code/deployer/tests/Feature/Settings/PasswordUpdateTest.php::\Tests\Feature\Settings\PasswordUpdateTest::correct_password_must_be_provided_to_update_password' flowId='2790']
##teamcity[testFinished name='correct_password_must_be_provided_to_update_password' duration='89' flowId='2790']
##teamcity[testSuiteFinished name='Tests\Feature\Settings\PasswordUpdateTest' flowId='2790']
##teamcity[testSuiteStarted name='Tests\Feature\Settings\ProfileUpdateTest' locationHint='php_qn:///Users/will/Code/deployer/tests/Feature/Settings/ProfileUpdateTest.php::\Tests\Feature\Settings\ProfileUpdateTest' flowId='2790']
##teamcity[testStarted name='profile_page_is_displayed' locationHint='php_qn:///Users/will/Code/deployer/tests/Feature/Settings/ProfileUpdateTest.php::\Tests\Feature\Settings\ProfileUpdateTest::profile_page_is_displayed' flowId='2790']
##teamcity[testFinished name='profile_page_is_displayed' duration='109' flowId='2790']
##teamcity[testStarted name='profile_information_can_be_updated' locationHint='php_qn:///Users/will/Code/deployer/tests/Feature/Settings/ProfileUpdateTest.php::\Tests\Feature\Settings\ProfileUpdateTest::profile_information_can_be_updated' flowId='2790']
##teamcity[testFinished name='profile_information_can_be_updated' duration='36' flowId='2790']
##teamcity[testStarted name='email_verification_status_is_unchanged_when_email_address_is_unchanged' locationHint='php_qn:///Users/will/Code/deployer/tests/Feature/Settings/ProfileUpdateTest.php::\Tests\Feature\Settings\ProfileUpdateTest::email_verification_status_is_unchanged_when_email_address_is_unchanged' flowId='2790']
##teamcity[testFinished name='email_verification_status_is_unchanged_when_email_address_is_unchanged' duration='43' flowId='2790']
##teamcity[testStarted name='user_can_delete_their_account' locationHint='php_qn:///Users/will/Code/deployer/tests/Feature/Settings/ProfileUpdateTest.php::\Tests\Feature\Settings\ProfileUpdateTest::user_can_delete_their_account' flowId='2790']
##teamcity[testFinished name='user_can_delete_their_account' duration='17' flowId='2790']
##teamcity[testStarted name='correct_password_must_be_provided_to_delete_account' locationHint='php_qn:///Users/will/Code/deployer/tests/Feature/Settings/ProfileUpdateTest.php::\Tests\Feature\Settings\ProfileUpdateTest::correct_password_must_be_provided_to_delete_account' flowId='2790']
##teamcity[testFinished name='correct_password_must_be_provided_to_delete_account' duration='24' flowId='2790']
##teamcity[testSuiteFinished name='Tests\Feature\Settings\ProfileUpdateTest' flowId='2790']
##teamcity[testSuiteFinished name='Feature' flowId='2790']
##teamcity[testSuiteFinished name='/Users/will/Code/deployer/phpunit.xml' flowId='2790']
Time: 00:06.714, Memory: 54.50 MB

OK, but there were issues!
Tests: 27, Assertions: 64, PHPUnit Deprecations: 27.
